CRITICAL - 2026-09-23 04:20:21 --> InvalidArgumentException: Invalid session handler "file" provided.
[Method: GET, Route: stok-ikan]
in SYSTEMPATH\Config\Services.php on line 695.
 1 SYSTEMPATH\Config\BaseService.php(325): CodeIgniter\Config\Services::session(Object(Config\Session), false)
 2 SYSTEMPATH\Config\BaseService.php(264): CodeIgniter\Config\BaseService::__callStatic('session', [...])
 3 SYSTEMPATH\Config\Services.php(668): CodeIgniter\Config\BaseService::getSharedInstance('session', null)
 4 SYSTEMPATH\Config\BaseService.php(334): CodeIgniter\Config\Services::session()
 5 SYSTEMPATH\Config\BaseService.php(203): CodeIgniter\Config\BaseService::__callStatic('session', [])
 6 SYSTEMPATH\Common.php(1082): CodeIgniter\Config\BaseService::get('session')
 7 SYSTEMPATH\Common.php(1055): service('session')
 8 APPPATH\Views\stok_ikan\index.php(5): session()
 9 SYSTEMPATH\View\View.php(240): include('C:\\xampp\\htdocs\\Neptunus-Aquatic\\app\\Views\\stok_ikan\\index.php')
10 SYSTEMPATH\View\View.php(243): CodeIgniter\View\View->CodeIgniter\View\{closure}()
11 SYSTEMPATH\Common.php(1254): CodeIgniter\View\View->render('stok_ikan/index', [], true)
12 APPPATH\Controllers\StokIkan.php(41): view('stok_ikan/index', [...])
13 SYSTEMPATH\CodeIgniter.php(974): App\Controllers\StokIkan->index()
14 SYSTEMPATH\CodeIgniter.php(520): CodeIgniter\CodeIgniter->runController(Object(App\Controllers\StokIkan))
15 SYSTEMPATH\CodeIgniter.php(363): CodeIgniter\CodeIgniter->handleRequest(null, Object(Config\Cache), false)
16 SYSTEMPATH\Boot.php(417): CodeIgniter\CodeIgniter->run()
17 SYSTEMPATH\Boot.php(68): CodeIgniter\Boot::runCodeIgniter(Object(CodeIgniter\CodeIgniter))
18 FCPATH\index.php(59): CodeIgniter\Boot::bootWeb(Object(Config\Paths))
CRITICAL - 2026-09-23 04:20:31 --> InvalidArgumentException: Invalid session handler "file" provided.
[Method: GET, Route: stok-ikan]
in SYSTEMPATH\Config\Services.php on line 695.
 1 SYSTEMPATH\Config\BaseService.php(325): CodeIgniter\Config\Services::session(Object(Config\Session), false)
 2 SYSTEMPATH\Config\BaseService.php(264): CodeIgniter\Config\BaseService::__callStatic('session', [...])
 3 SYSTEMPATH\Config\Services.php(668): CodeIgniter\Config\BaseService::getSharedInstance('session', null)
 4 SYSTEMPATH\Config\BaseService.php(334): CodeIgniter\Config\Services::session()
 5 SYSTEMPATH\Config\BaseService.php(203): CodeIgniter\Config\BaseService::__callStatic('session', [])
 6 SYSTEMPATH\Common.php(1082): CodeIgniter\Config\BaseService::get('session')
 7 SYSTEMPATH\Common.php(1055): service('session')
 8 APPPATH\Views\stok_ikan\index.php(5): session()
 9 SYSTEMPATH\View\View.php(240): include('C:\\xampp\\htdocs\\Neptunus-Aquatic\\app\\Views\\stok_ikan\\index.php')
10 SYSTEMPATH\View\View.php(243): CodeIgniter\View\View->CodeIgniter\View\{closure}()
11 SYSTEMPATH\Common.php(1254): CodeIgniter\View\View->render('stok_ikan/index', [], true)
12 APPPATH\Controllers\StokIkan.php(41): view('stok_ikan/index', [...])
13 SYSTEMPATH\CodeIgniter.php(974): App\Controllers\StokIkan->index()
14 SYSTEMPATH\CodeIgniter.php(520): CodeIgniter\CodeIgniter->runController(Object(App\Controllers\StokIkan))
15 SYSTEMPATH\CodeIgniter.php(363): CodeIgniter\CodeIgniter->handleRequest(null, Object(Config\Cache), false)
16 SYSTEMPATH\Boot.php(417): CodeIgniter\CodeIgniter->run()
17 SYSTEMPATH\Boot.php(68): CodeIgniter\Boot::runCodeIgniter(Object(CodeIgniter\CodeIgniter))
18 FCPATH\index.php(59): CodeIgniter\Boot::bootWeb(Object(Config\Paths))
